I'm sorry, but errors were detected in your script. Please correct the
errors listed below, and try again.


File "game/screens.rpy", line 109: vbox expects a non-empty block.
    has vbox:
             ^

File "game/screens.rpy", line 1515: expected statement.
    window:
          ^

Ren'Py Version: Ren'Py 7.1.3.1092
Mon Dec 03 10:47:39 2018
